CRITICAL - 2023-01-18 17:01:20 --> Your zlib.output_compression ini directive is turned on. This will not work well with output buffers.
in APPPATH/Config/Events.php on line 28.
 1 APPPATH/Config/Events.php(28): CodeIgniter\Exceptions\FrameworkException::forEnabledZlibOutputCompression()
 2 SYSTEMPATH/Events/Events.php(149): CodeIgniter\Events\Events::Config\{closure}()
 3 SYSTEMPATH/CodeIgniter.php(317): CodeIgniter\Events\Events::trigger('pre_system')
 4 FCPATH/index.php(71): CodeIgniter\CodeIgniter->run()
CRITICAL - 2023-01-18 17:02:18 --> Invalid file: template/particles-dark/assets.php
in SYSTEMPATH/Exceptions/FrameworkException.php on line 33.
 1 SYSTEMPATH/View/View.php(201): CodeIgniter\Exceptions\FrameworkException::forInvalidFile('template/particles-dark/assets.php')
 2 SYSTEMPATH/Common.php(1142): CodeIgniter\View\View->render('template/particles-dark/assets', [], true)
 3 APPPATH/Controllers/Pages.php(54): view('template/particles-dark/assets', [...])
 4 SYSTEMPATH/CodeIgniter.php(907): App\Controllers\Pages->view('FCPATH/assets', 'vendor', 'particles.js', 'particles.js')
 5 SYSTEMPATH/CodeIgniter.php(457): CodeIgniter\CodeIgniter->runController(Object(App\Controllers\Pages))
 6 SYSTEMPATH/CodeIgniter.php(340): CodeIgniter\CodeIgniter->handleRequest(null, Object(Config\Cache), false)
 7 FCPATH/index.php(71): CodeIgniter\CodeIgniter->run()
CRITICAL - 2023-01-18 17:02:39 --> Invalid file: template/particles-dark/assets.php
in SYSTEMPATH/Exceptions/FrameworkException.php on line 33.
 1 SYSTEMPATH/View/View.php(201): CodeIgniter\Exceptions\FrameworkException::forInvalidFile('template/particles-dark/assets.php')
 2 SYSTEMPATH/Common.php(1142): CodeIgniter\View\View->render('template/particles-dark/assets', [], true)
 3 APPPATH/Controllers/Pages.php(54): view('template/particles-dark/assets', [...])
 4 SYSTEMPATH/CodeIgniter.php(907): App\Controllers\Pages->view('FCPATH/assets', 'vendor', 'particles.js', 'particles.js')
 5 SYSTEMPATH/CodeIgniter.php(457): CodeIgniter\CodeIgniter->runController(Object(App\Controllers\Pages))
 6 SYSTEMPATH/CodeIgniter.php(340): CodeIgniter\CodeIgniter->handleRequest(null, Object(Config\Cache), false)
 7 FCPATH/index.php(71): CodeIgniter\CodeIgniter->run()
CRITICAL - 2023-01-18 17:02:50 --> Invalid file: template/particles-dark/assets.php
in SYSTEMPATH/Exceptions/FrameworkException.php on line 33.
 1 SYSTEMPATH/View/View.php(201): CodeIgniter\Exceptions\FrameworkException::forInvalidFile('template/particles-dark/assets.php')
 2 SYSTEMPATH/Common.php(1142): CodeIgniter\View\View->render('template/particles-dark/assets', [], true)
 3 APPPATH/Controllers/Pages.php(54): view('template/particles-dark/assets', [...])
 4 SYSTEMPATH/CodeIgniter.php(907): App\Controllers\Pages->view('FCPATH/assets', 'javascript', 'pdf.js')
 5 SYSTEMPATH/CodeIgniter.php(457): CodeIgniter\CodeIgniter->runController(Object(App\Controllers\Pages))
 6 SYSTEMPATH/CodeIgniter.php(340): CodeIgniter\CodeIgniter->handleRequest(null, Object(Config\Cache), false)
 7 FCPATH/index.php(71): CodeIgniter\CodeIgniter->run()
CRITICAL - 2023-01-18 17:02:53 --> Invalid file: template/particles-dark/assets.php
in SYSTEMPATH/Exceptions/FrameworkException.php on line 33.
 1 SYSTEMPATH/View/View.php(201): CodeIgniter\Exceptions\FrameworkException::forInvalidFile('template/particles-dark/assets.php')
 2 SYSTEMPATH/Common.php(1142): CodeIgniter\View\View->render('template/particles-dark/assets', [], true)
 3 APPPATH/Controllers/Pages.php(54): view('template/particles-dark/assets', [...])
 4 SYSTEMPATH/CodeIgniter.php(907): App\Controllers\Pages->view('FCPATH/assets', 'images', 'plan-bg.jpg')
 5 SYSTEMPATH/CodeIgniter.php(457): CodeIgniter\CodeIgniter->runController(Object(App\Controllers\Pages))
 6 SYSTEMPATH/CodeIgniter.php(340): CodeIgniter\CodeIgniter->handleRequest(null, Object(Config\Cache), false)
 7 FCPATH/index.php(71): CodeIgniter\CodeIgniter->run()
CRITICAL - 2023-01-18 17:02:54 --> Invalid file: template/particles-dark/assets.php
in SYSTEMPATH/Exceptions/FrameworkException.php on line 33.
 1 SYSTEMPATH/View/View.php(201): CodeIgniter\Exceptions\FrameworkException::forInvalidFile('template/particles-dark/assets.php')
 2 SYSTEMPATH/Common.php(1142): CodeIgniter\View\View->render('template/particles-dark/assets', [], true)
 3 APPPATH/Controllers/Pages.php(54): view('template/particles-dark/assets', [...])
 4 SYSTEMPATH/CodeIgniter.php(907): App\Controllers\Pages->view('FCPATH/assets', 'images', 'night.jpg')
 5 SYSTEMPATH/CodeIgniter.php(457): CodeIgniter\CodeIgniter->runController(Object(App\Controllers\Pages))
 6 SYSTEMPATH/CodeIgniter.php(340): CodeIgniter\CodeIgniter->handleRequest(null, Object(Config\Cache), false)
 7 FCPATH/index.php(71): CodeIgniter\CodeIgniter->run()
CRITICAL - 2023-01-18 17:03:31 --> Invalid file: template/particles-dark/assets.php
in SYSTEMPATH/Exceptions/FrameworkException.php on line 33.
 1 SYSTEMPATH/View/View.php(201): CodeIgniter\Exceptions\FrameworkException::forInvalidFile('template/particles-dark/assets.php')
 2 SYSTEMPATH/Common.php(1142): CodeIgniter\View\View->render('template/particles-dark/assets', [], true)
 3 APPPATH/Controllers/Pages.php(54): view('template/particles-dark/assets', [...])
 4 SYSTEMPATH/CodeIgniter.php(907): App\Controllers\Pages->view('FCPATH/assets', 'javascript', 'pdf.js')
 5 SYSTEMPATH/CodeIgniter.php(457): CodeIgniter\CodeIgniter->runController(Object(App\Controllers\Pages))
 6 SYSTEMPATH/CodeIgniter.php(340): CodeIgniter\CodeIgniter->handleRequest(null, Object(Config\Cache), false)
 7 FCPATH/index.php(71): CodeIgniter\CodeIgniter->run()
CRITICAL - 2023-01-18 17:03:35 --> Invalid file: template/particles-dark/assets.php
in SYSTEMPATH/Exceptions/FrameworkException.php on line 33.
 1 SYSTEMPATH/View/View.php(201): CodeIgniter\Exceptions\FrameworkException::forInvalidFile('template/particles-dark/assets.php')
 2 SYSTEMPATH/Common.php(1142): CodeIgniter\View\View->render('template/particles-dark/assets', [], true)
 3 APPPATH/Controllers/Pages.php(54): view('template/particles-dark/assets', [...])
 4 SYSTEMPATH/CodeIgniter.php(907): App\Controllers\Pages->view('FCPATH/assets', 'images', 'night.jpg')
 5 SYSTEMPATH/CodeIgniter.php(457): CodeIgniter\CodeIgniter->runController(Object(App\Controllers\Pages))
 6 SYSTEMPATH/CodeIgniter.php(340): CodeIgniter\CodeIgniter->handleRequest(null, Object(Config\Cache), false)
 7 FCPATH/index.php(71): CodeIgniter\CodeIgniter->run()
CRITICAL - 2023-01-18 17:03:35 --> Invalid file: template/particles-dark/assets.php
in SYSTEMPATH/Exceptions/FrameworkException.php on line 33.
 1 SYSTEMPATH/View/View.php(201): CodeIgniter\Exceptions\FrameworkException::forInvalidFile('template/particles-dark/assets.php')
 2 SYSTEMPATH/Common.php(1142): CodeIgniter\View\View->render('template/particles-dark/assets', [], true)
 3 APPPATH/Controllers/Pages.php(54): view('template/particles-dark/assets', [...])
 4 SYSTEMPATH/CodeIgniter.php(907): App\Controllers\Pages->view('FCPATH/assets', 'images', 'plan-bg.jpg')
 5 SYSTEMPATH/CodeIgniter.php(457): CodeIgniter\CodeIgniter->runController(Object(App\Controllers\Pages))
 6 SYSTEMPATH/CodeIgniter.php(340): CodeIgniter\CodeIgniter->handleRequest(null, Object(Config\Cache), false)
 7 FCPATH/index.php(71): CodeIgniter\CodeIgniter->run()
CRITICAL - 2023-01-18 17:03:52 --> Invalid file: template/particles-dark/service-worker.js
in SYSTEMPATH/Exceptions/FrameworkException.php on line 33.
 1 SYSTEMPATH/View/View.php(201): CodeIgniter\Exceptions\FrameworkException::forInvalidFile('template/particles-dark/service-worker.js')
 2 SYSTEMPATH/Common.php(1142): CodeIgniter\View\View->render('template/particles-dark/service-worker.js', [], true)
 3 APPPATH/Controllers/Pages.php(54): view('template/particles-dark/service-worker.js', [...])
 4 SYSTEMPATH/CodeIgniter.php(907): App\Controllers\Pages->view('service-worker.js')
 5 SYSTEMPATH/CodeIgniter.php(457): CodeIgniter\CodeIgniter->runController(Object(App\Controllers\Pages))
 6 SYSTEMPATH/CodeIgniter.php(340): CodeIgniter\CodeIgniter->handleRequest(null, Object(Config\Cache), false)
 7 FCPATH/index.php(71): CodeIgniter\CodeIgniter->run()
